[html.gridbootstrap.com/adrion/index3.html]
[backblue.gif]
[fade.gif]
[index.html]
[html.gridbootstrap.com/adrion/css/bootstrap.min.css]
[html.gridbootstrap.com/adrion/css/font-awesome.min.css]
[html.gridbootstrap.com/adrion/css/cubeportfolio.min.css]
[html.gridbootstrap.com/adrion/css/structure.css]
[html.gridbootstrap.com/adrion/css/main.css]
[html.gridbootstrap.com/adrion/css/presets/preset4.css]
[html.gridbootstrap.com/adrion/css/responsive.css]
[html.gridbootstrap.com/adrion/images/ico/favicon.ico]
[html.gridbootstrap.com/adrion/images/logo.png]
[html.gridbootstrap.com/adrion/index.html]
[html.gridbootstrap.com/adrion/index1.html]
[html.gridbootstrap.com/adrion/index2.html]
[html.gridbootstrap.com/adrion/index4.html]
[html.gridbootstrap.com/adrion/index5.html]
[html.gridbootstrap.com/adrion/index6.html]
[html.gridbootstrap.com/adrion/images/others/1.png]
[html.gridbootstrap.com/adrion/index7.html]
[html.gridbootstrap.com/adrion/images/others/icon1.png]
[html.gridbootstrap.com/adrion/images/others/icon2.png]
[html.gridbootstrap.com/adrion/images/others/icon3.png]
[html.gridbootstrap.com/adrion/images/others/icon4.png]
[html.gridbootstrap.com/adrion/images/portfolio/featured1.jpg]
[html.gridbootstrap.com/adrion/portfolio-details.html]
[html.gridbootstrap.com/adrion/images/portfolio/featured2.jpg]
[html.gridbootstrap.com/adrion/images/portfolio/featured3.jpg]
[html.gridbootstrap.com/adrion/images/portfolio/1.jpg]
[html.gridbootstrap.com/adrion/images/portfolio/2.jpg]
[html.gridbootstrap.com/adrion/images/portfolio/3.jpg]
[html.gridbootstrap.com/adrion/images/portfolio/4.jpg]
[html.gridbootstrap.com/adrion/images/portfolio/5.jpg]
[html.gridbootstrap.com/adrion/images/portfolio/6.jpg]
[html.gridbootstrap.com/adrion/images/blog/featured1.jpg]
[html.gridbootstrap.com/adrion/blog-details.html]
[html.gridbootstrap.com/adrion/images/blog/featured2.jpg]
[html.gridbootstrap.com/adrion/images/blog/featured3.jpg]
[html.gridbootstrap.com/adrion/images/blog/1.jpg]
[html.gridbootstrap.com/adrion/images/blog/2.jpg]
[html.gridbootstrap.com/adrion/images/blog/3.jpg]
[html.gridbootstrap.com/adrion/images/blog/4.jpg]
[html.gridbootstrap.com/adrion/js/jquery.min.js]
[html.gridbootstrap.com/adrion/js/popper.min.js]
[html.gridbootstrap.com/adrion/js/bootstrap.min.js]
[html.gridbootstrap.com/adrion/js/inview.min.js]
[html.gridbootstrap.com/adrion/js/counterup.min.js]
[html.gridbootstrap.com/adrion/js/waypoints.min.js]
[html.gridbootstrap.com/adrion/js/cubeportfolio.min.js]
[html.gridbootstrap.com/adrion/js/jquery.nav.js]
[html.gridbootstrap.com/adrion/js/jquery.ripples-min.js]
[html.gridbootstrap.com/adrion/js/particles.min.js]
[html.gridbootstrap.com/adrion/js/masonry.pkgd.min.js]
[html.gridbootstrap.com/adrion/js/switcher.js]
[html.gridbootstrap.com/adrion/js/main.js]
[html.gridbootstrap.com/adrion/index3.html]
[html.gridbootstrap.com/adrion/css/bootstrap.min.css]
[html.gridbootstrap.com/adrion/fonts/fontawesome-webfont3e6e.eot]
[html.gridbootstrap.com/adrion/fonts/fontawesome-webfontd41d.eot]
[html.gridbootstrap.com/adrion/fonts/fontawesome-webfont3e6e.woff2]
[html.gridbootstrap.com/adrion/fonts/fontawesome-webfont3e6e.woff]
[html.gridbootstrap.com/adrion/fonts/fontawesome-webfont3e6e.ttf]
[html.gridbootstrap.com/adrion/css/font-awesome.min.css]
[html.gridbootstrap.com/adrion/fonts/fontawesome-webfont3e6e.svg]
[html.gridbootstrap.com/adrion/img/cbp-sprite.png]
[html.gridbootstrap.com/adrion/css/cubeportfolio.min.css]
[html.gridbootstrap.com/adrion/css/structure.css]
[html.gridbootstrap.com/adrion/css/main.css]
[html.gridbootstrap.com/adrion/css/presets/preset4.css]
[html.gridbootstrap.com/adrion/css/responsive.css]
[html.gridbootstrap.com/adrion/index.html]
[html.gridbootstrap.com/adrion/css/presets/preset1.css]
[html.gridbootstrap.com/adrion/css/presets/preset2.css]
[html.gridbootstrap.com/adrion/about.html]
[html.gridbootstrap.com/adrion/skill.html]
[html.gridbootstrap.com/adrion/experience.html]
[html.gridbootstrap.com/adrion/portfolio1.html]
[html.gridbootstrap.com/adrion/portfolio.html]
[html.gridbootstrap.com/adrion/portfolio3.html]
[html.gridbootstrap.com/adrion/portfolio2.html]
[html.gridbootstrap.com/adrion/blog.html]
[html.gridbootstrap.com/adrion/blog1.html]
[html.gridbootstrap.com/adrion/blog2.html]
[html.gridbootstrap.com/adrion/blog-Masonry.html]
[html.gridbootstrap.com/adrion/blog-Masonry1.html]
[html.gridbootstrap.com/adrion/blog-Masonry2.html]
[html.gridbootstrap.com/adrion/index1.html]
[html.gridbootstrap.com/adrion/contact.html]
[html.gridbootstrap.com/adrion/css/jquery.pagepiling.min.css]
[html.gridbootstrap.com/adrion/css/animations.css]
[html.gridbootstrap.com/adrion/css/presets/preset3.css]
[html.gridbootstrap.com/adrion/index2.html]
[html.gridbootstrap.com/adrion/js/jquery.pagepiling.min.js]
[html.gridbootstrap.com/adrion/css/presets/preset5.css]
[html.gridbootstrap.com/adrion/index4.html]
[html.gridbootstrap.com/adrion/images/bg/1.jpg]
[html.gridbootstrap.com/adrion/css/presets/preset6.css]
[html.gridbootstrap.com/adrion/images/logo2.png]
[html.gridbootstrap.com/adrion/index5.html]
[html.gridbootstrap.com/adrion/index6.html]
[html.gridbootstrap.com/adrion/index7.html]
[html.gridbootstrap.com/adrion/images/others/2.png]
[html.gridbootstrap.com/adrion/blog-masonry-2.html]
[html.gridbootstrap.com/adrion/blog-masonry1-2.html]
[html.gridbootstrap.com/adrion/portfolio-details.html]
[html.gridbootstrap.com/adrion/blog-masonry2-2.html]
[html.gridbootstrap.com/adrion/images/blog/blog-details.jpg]
[html.gridbootstrap.com/adrion/images/blog/author1.png]
[html.gridbootstrap.com/adrion/images/blog/author3.png]
[html.gridbootstrap.com/adrion/images/blog/author2.png]
[html.gridbootstrap.com/adrion/blog-details.html]
[html.gridbootstrap.com/adrion/js/jquery.min.js]
[html.gridbootstrap.com/adrion/js/popper.min.js]
[html.gridbootstrap.com/adrion/images/blog/author4.png]
[html.gridbootstrap.com/adrion/popper.js]
[html.gridbootstrap.com/adrion/js/bootstrap.min.js]
[html.gridbootstrap.com/adrion/js/inview.min.js]
[html.gridbootstrap.com/adrion/js/counterup.min.js]
[html.gridbootstrap.com/adrion/js/waypoints.min.js]
[html.gridbootstrap.com/adrion/js/cubeportfolio.min.js]
[html.gridbootstrap.com/adrion/js/jquery.nav.js]
[html.gridbootstrap.com/adrion/js/jquery.ripples-min.js]
[html.gridbootstrap.com/adrion/GET]
[html.gridbootstrap.com/adrion/Error pJS - No image.src]
[html.gridbootstrap.com/adrion/js/particles.min.js]
[html.gridbootstrap.com/adrion/js/masonry.pkgd.min.js]
[html.gridbootstrap.com/adrion/js/switcher.js]
[html.gridbootstrap.com/adrion/js/main.js]
[html.gridbootstrap.com/adrion/fonts/fontawesome-webfont3e6e.svg]
[html.gridbootstrap.com/adrion/img/cbp-sprite.html]
[html.gridbootstrap.com/adrion/css/presets/preset1.css]
[html.gridbootstrap.com/adrion/css/presets/preset2.css]
[html.gridbootstrap.com/adrion/about.html]
[html.gridbootstrap.com/adrion/skill.html]
[html.gridbootstrap.com/adrion/experience.html]
[html.gridbootstrap.com/adrion/portfolio1.html]
[html.gridbootstrap.com/adrion/portfolio.html]
[html.gridbootstrap.com/adrion/portfolio3.html]
[html.gridbootstrap.com/adrion/images/portfolio/7.jpg]
[html.gridbootstrap.com/adrion/images/portfolio/8.jpg]
[html.gridbootstrap.com/adrion/portfolio2.html]
[html.gridbootstrap.com/adrion/blog.html]
[html.gridbootstrap.com/adrion/blog1.html]
[html.gridbootstrap.com/adrion/blog2.html]
[html.gridbootstrap.com/adrion/blog-Masonry.html]
[html.gridbootstrap.com/adrion/blog-Masonry1.html]
[html.gridbootstrap.com/adrion/blog-Masonry2.html]
[html.gridbootstrap.com/adrion/contact.html]
[html.gridbootstrap.com/adrion/css/jquery.pagepiling.min.css]
[html.gridbootstrap.com/adrion/css/animations.css]
[html.gridbootstrap.com/adrion/css/presets/preset3.css]
[html.gridbootstrap.com/adrion/js/jquery.pagepiling.min.js]
[html.gridbootstrap.com/adrion/css/presets/preset5.css]
[html.gridbootstrap.com/adrion/css/presets/preset6.css]
[html.gridbootstrap.com/adrion/blog-masonry-2.html]
[html.gridbootstrap.com/adrion/blog-masonry1-2.html]
[html.gridbootstrap.com/adrion/blog-masonry2-2.html]
[html.gridbootstrap.com/adrion/popper.html]
[html.gridbootstrap.com/adrion/GET.html]
[html.gridbootstrap.com/adrion/Error pJS - No image.html]
[html.gridbootstrap.com/adrion/images/portfolio/10.jpg]
